Diagnose log at 2026-06-16T10:08:48Z

AppPath: C:\Program Files\Git\mingw64\bin\git-credential-manager.exe
InstallDir: C:\Program Files\Git\mingw64\bin\
Version: 2.7.3+5fa7116896c82164996a609accd1c5ad90fe730a

------------
Diagnostic: Environment
Skipped: False
Success: True
Exception: None
Log:
OSType: Windows
OSVersion: 10.0 (build 26200)
Reading environment variables... OK
 Variables:
SESSIONNAME=Console
ProgramFiles(x86)=C:\Program Files (x86)
MSYSTEM=MINGW64
ProgramW6432=C:\Program Files
PROCESSOR_IDENTIFIER=AMD64 Family 25 Model 80 Stepping 0, AuthenticAMD
OnlineServices=Online Services
PROCESSOR_ARCHITECTURE=AMD64
DriverData=C:\Windows\System32\Drivers\DriverData
Path=C:/Program Files/Git/mingw64/libexec/git-core;C:\Program Files\Git\mingw64\bin;C:\Program Files\Git\usr\bin;C:\Users\STEPHEN\bin;C:\windows\system32;C:\windows;C:\windows\System32\Wbem;C:\windows\System32\WindowsPowerShell\v1.0\;C:\windows\System32\OpenSSH\;C:\Program Files\nodejs\;C:\Program Files\Git\cmd;C:\Users\STEPHEN\AppData\Local\Microsoft\WindowsApps;C:\Users\STEPHEN\AppData\Roaming\npm;C:\Users\STEPHEN\AppData\Local\Programs\Microsoft VS Code\bin
PROCESSOR_REVISION=5000
TEMP=C:\Users\STEPHEN\AppData\Local\Temp
USERPROFILE=C:\Users\STEPHEN
LOGONSERVER=\\LAPTOP-NAG42IRT
TERM=xterm-256color
USERNAME=STEPHEN
SystemRoot=C:\windows
GIT_EXEC_PATH=C:/Program Files/Git/mingw64/libexec/git-core
PLINK_PROTOCOL=ssh
OneDrive=C:\Users\STEPHEN\OneDrive
USERDOMAIN_ROAMINGPROFILE=LAPTOP-NAG42IRT
CommonProgramFiles=C:\Program Files\Common Files
PROCESSOR_LEVEL=25
ProgramData=C:\ProgramData
platformcode=KV
HOMEPATH=\Users\STEPHEN
OneDriveConsumer=C:\Users\STEPHEN\OneDrive
COMPUTERNAME=LAPTOP-NAG42IRT
EFC_11140_1592913036=1
ALLUSERSPROFILE=C:\ProgramData
CommonProgramW6432=C:\Program Files\Common Files
TMP=C:\Users\STEPHEN\AppData\Local\Temp
CommonProgramFiles(x86)=C:\Program Files (x86)\Common Files
HOMEDRIVE=C:
windir=C:\windows
GIT_TRACE2_PARENT_SID=f21e4888-a6f8-421a-9f74-41a9c419d08f
SystemDrive=C:
NUMBER_OF_PROCESSORS=16
OS=Windows_NT
ProgramFiles=C:\Program Files
ComSpec=C:\windows\system32\cmd.exe
PATHEXT=.COM;.EXE;.BAT;.CMD;.VBS;.VBE;.JS;.JSE;.WSF;.WSH;.MSC
HOME=C:\Users\STEPHEN
PSModulePath=C:\Program Files\WindowsPowerShell\Modules;C:\windows\system32\WindowsPowerShell\v1.0\Modules
PROMPT=$P$G
TMPDIR=C:\Users\STEPHEN\AppData\Local\Temp
APPDATA=C:\Users\STEPHEN\AppData\Roaming
USERDOMAIN=LAPTOP-NAG42IRT
EFC_11140_4126798990=1
LC_CTYPE=C.UTF-8
LOCALAPPDATA=C:\Users\STEPHEN\AppData\Local
RegionCode=APJ
COLORTERM=truecolor
PUBLIC=C:\Users\Public


------------
Diagnostic: File system
Skipped: False
Success: True
Exception: None
Log:
Temporary directory is 'C:\Users\STEPHEN\AppData\Local\Temp\'...
Checking basic file I/O...
Writing to temporary file 'C:\Users\STEPHEN\AppData\Local\Temp\87f94d978e57310c6efb0010'... OK
Reading from temporary file 'C:\Users\STEPHEN\AppData\Local\Temp\87f94d978e57310c6efb0010'... OK
Deleting temporary file 'C:\Users\STEPHEN\AppData\Local\Temp\87f94d978e57310c6efb0010'... OK
Testing IFileSystem instance...
UserHomePath: C:\Users\STEPHEN
UserDataDirectoryPath: C:\Users\STEPHEN\.gcm
GetCurrentDirectory(): D:\school-projects\stephen-MKM-1\LIVE SERVER CODE

------------
Diagnostic: Networking
Skipped: False
Success: True
Exception: None
Log:
Checking networking and HTTP stack...
Creating HTTP client... OK
IsNetworkAvailable: True
Sending HEAD request to http://example.com...Sending HEAD request to https://example.com... OK
 OK
Acquiring free TCP port... OK
Testing local HTTP loopback connections...
Creating new HTTP listener for http://localhost:53610/... OK
Waiting for loopback connection... OK
Writing response... OK
Waiting for response data... OK
Loopback connection data OK

------------
Diagnostic: Git
Skipped: False
Success: True
Exception: None
Log:
Getting Git version... OK
Git version is '2.54.0.windows.1'
Locating current repository...Git repository at 'D:/school-projects/stephen-MKM-1/LIVE SERVER CODE/.git'
 OK
Listing all Git configuration... OK
Git configuration:
file:C:/Program Files/Git/etc/gitconfig	diff.astextplain.textconv=astextplain
file:C:/Program Files/Git/etc/gitconfig	filter.lfs.clean=git-lfs clean -- %f
file:C:/Program Files/Git/etc/gitconfig	filter.lfs.smudge=git-lfs smudge -- %f
file:C:/Program Files/Git/etc/gitconfig	filter.lfs.process=git-lfs filter-process
file:C:/Program Files/Git/etc/gitconfig	filter.lfs.required=true
file:C:/Program Files/Git/etc/gitconfig	http.sslbackend=schannel
file:C:/Program Files/Git/etc/gitconfig	core.autocrlf=true
file:C:/Program Files/Git/etc/gitconfig	core.fscache=true
file:C:/Program Files/Git/etc/gitconfig	core.symlinks=false
file:C:/Program Files/Git/etc/gitconfig	pull.rebase=false
file:C:/Program Files/Git/etc/gitconfig	credential.helper=manager
file:C:/Program Files/Git/etc/gitconfig	credential.https://dev.azure.com.usehttppath=true
file:C:/Program Files/Git/etc/gitconfig	init.defaultbranch=master
file:C:/Users/STEPHEN/.gitconfig	user.name=stephen-official
file:C:/Users/STEPHEN/.gitconfig	user.email=stephenofficial4a6@gmail.com
file:C:/Users/STEPHEN/.gitconfig	credential.helper=manager
file:.git/config	core.repositoryformatversion=0
file:.git/config	core.filemode=false
file:.git/config	core.bare=false
file:.git/config	core.logallrefupdates=true
file:.git/config	core.symlinks=false
file:.git/config	core.ignorecase=true
file:.git/config	remote.origin.url=https://github.com/stephen-official/MKM.git
file:.git/config	remote.origin.fetch=+refs/heads/*:refs/remotes/origin/*
file:.git/config	branch.main.remote=origin
file:.git/config	branch.main.merge=refs/heads/main


------------
Diagnostic: Credential storage
Skipped: False
Success: True
Exception: None
Log:
ICredentialStore instance is of type: CredentialStore
Writing test credential... OK
Reading test credential... OK
Deleting test credential... OK

------------
Diagnostic: Microsoft authentication (AAD/MSA)
Skipped: False
Success: True
Exception: None
Log:
Broker is not enabled.
Flow type is: Auto
Gathering MSAL token cache data... OK
CacheDirectory: C:\Users\STEPHEN\AppData\Local\.IdentityService
CacheFileName: msal.cache
CacheFilePath: C:\Users\STEPHEN\AppData\Local\.IdentityService\msal.cache
Creating cache helper... OK
Verifying MSAL token cache persistence... OK

------------
Diagnostic: GitHub API
Skipped: False
Success: True
Exception: None
Log:
Using 'https://github.com/' as API target.
Querying '/meta' endpoint... OK

